IP Upgrade report for QPSK1
Tue Feb 26 12:50:13 2019
Quartus Prime Version 16.0.0 Build 211 04/27/2016 SJ Standard Edition


---------------------
; Table of Contents ;
---------------------
  1. Legal Notice
  2. IP Upgrade Summary
  3. Successfully Upgraded IP Components
  4. IP Upgrade Messages



----------------
; Legal Notice ;
----------------
Copyright (C) 1991-2016 Altera Corporation. All rights reserved.
Your use of Altera Corporation's design tools, logic functions 
and other software and tools, and its AMPP partner logic 
functions, and any output files from any of the foregoing 
(including device programming or simulation files), and any 
associated documentation or information are expressly subject 
to the terms and conditions of the Altera Program License 
Subscription Agreement, the Altera Quartus Prime License Agreement,
the Altera MegaCore Function License Agreement, or other 
applicable license agreement, including, without limitation, 
that your use is for the sole purpose of programming logic 
devices manufactured by Altera and sold by Altera or its 
authorized distributors.  Please refer to the applicable 
agreement for further details.



+--------------------------------------------------------------------------------+
; IP Upgrade Summary                                                             ;
+------------------------------+-------------------------------------------------+
; IP Components Upgrade Status ; Passed - Tue Feb 26 12:50:13 2019               ;
; Quartus Prime Version        ; 16.0.0 Build 211 04/27/2016 SJ Standard Edition ;
; Revision Name                ; QPSK1                                           ;
; Top-level Entity Name        ; QPSK1                                           ;
; Family                       ; MAX 10                                          ;
+------------------------------+-------------------------------------------------+


+------------------------------------------------------------------------------------------------------------------+
; Successfully Upgraded IP Components                                                                              ;
+-------------+----------------+---------+----------------------+----------------------+-----------------+---------+
; Entity Name ; Component Name ; Version ; Original Source File ; Generation File Path ; New Source File ; Message ;
+-------------+----------------+---------+----------------------+----------------------+-----------------+---------+
; pll         ; ALTPLL         ; 15.0    ; pll.qip              ; pll.v                ; pll.qip         ;         ;
+-------------+----------------+---------+----------------------+----------------------+-----------------+---------+


+---------------------+
; IP Upgrade Messages ;
+---------------------+
Info (11902): Backing up file "pll.v" to "pll.BAK.v"
Info (11837): Started upgrading IP component ALTPLL with file "pll.v"
Info (11131): Completed upgrading IP component ALTPLL with file "pll.v"
Info (23030): Evaluation of Tcl script e:/communication/quartus/common/tcl/internal/ip_regen/ip_regen.tcl was successful
Info: Quartus Prime Shell was successful. 0 errors, 0 warnings
    Info: Peak virtual memory: 5204 megabytes
    Info: Processing ended: Tue Feb 26 12:50:13 2019
    Info: Elapsed time: 00:00:24
    Info: Total CPU time (on all processors): 00:00:33


